// Jest Snapshot v1, https://goo.gl/fbAQLP

exports[`Tests the details page Match the snapshot 1`] = `
Object {
  "asFragment": [Function],
  "baseElement": <body>
    <div>
      <div
        class="gen container mt-4 flex-grow-1 d-flex flex-column justify-content-center"
      >
        <div
          class="container d-flex justify-content-center align-items-center"
        >
          <div
            animationduration="3000"
            class="sc-hAZoWV iCvdcq spring-spinner"
            color="#fff"
            size="60"
          >
            <div
              class="spring-spinner-part top"
            >
              <div
                class="spring-spinner-rotator"
              />
            </div>
            <div
              class="spring-spinner-part bottom"
            >
              <div
                class="spring-spinner-rotator"
              />
            </div>
          </div>
        </div>
      </div>
    </div>
  </body>,
  "container": <div>
    <div
      class="gen container mt-4 flex-grow-1 d-flex flex-column justify-content-center"
    >
      <div
        class="container d-flex justify-content-center align-items-center"
      >
        <div
          animationduration="3000"
          class="sc-hAZoWV iCvdcq spring-spinner"
          color="#fff"
          size="60"
        >
          <div
            class="spring-spinner-part top"
          >
            <div
              class="spring-spinner-rotator"
            />
          </div>
          <div
            class="spring-spinner-part bottom"
          >
            <div
              class="spring-spinner-rotator"
            />
          </div>
        </div>
      </div>
    </div>
  </div>,
  "debug": [Function],
  "findAllByAltText": [Function],
  "findAllByDisplayValue": [Function],
  "findAllByLabelText": [Function],
  "findAllByPlaceholderText": [Function],
  "findAllByRole": [Function],
  "findAllByTestId": [Function],
  "findAllByText": [Function],
  "findAllByTitle": [Function],
  "findByAltText": [Function],
  "findByDisplayValue": [Function],
  "findByLabelText": [Function],
  "findByPlaceholderText": [Function],
  "findByRole": [Function],
  "findByTestId": [Function],
  "findByText": [Function],
  "findByTitle": [Function],
  "getAllByAltText": [Function],
  "getAllByDisplayValue": [Function],
  "getAllByLabelText": [Function],
  "getAllByPlaceholderText": [Function],
  "getAllByRole": [Function],
  "getAllByTestId": [Function],
  "getAllByText": [Function],
  "getAllByTitle": [Function],
  "getByAltText": [Function],
  "getByDisplayValue": [Function],
  "getByLabelText": [Function],
  "getByPlaceholderText": [Function],
  "getByRole": [Function],
  "getByTestId": [Function],
  "getByText": [Function],
  "getByTitle": [Function],
  "queryAllByAltText": [Function],
  "queryAllByDisplayValue": [Function],
  "queryAllByLabelText": [Function],
  "queryAllByPlaceholderText": [Function],
  "queryAllByRole": [Function],
  "queryAllByTestId": [Function],
  "queryAllByText": [Function],
  "queryAllByTitle": [Function],
  "queryByAltText": [Function],
  "queryByDisplayValue": [Function],
  "queryByLabelText": [Function],
  "queryByPlaceholderText": [Function],
  "queryByRole": [Function],
  "queryByTestId": [Function],
  "queryByText": [Function],
  "queryByTitle": [Function],
  "rerender": [Function],
  "unmount": [Function],
}
`;
