// Jest Snapshot v1, https://goo.gl/fbAQLP

exports[`Tests the Header component Match the snapshot 1`] = `
Object {
  "asFragment": [Function],
  "baseElement": <body>
    <div>
      <header
        class="header text-white d-flex justify-content-between align-items-center"
      >
        <div
          class="left d-flex align-items-center"
        >
          <h1
            class="fs-1"
          >
            WeatherAPP
          </h1>
        </div>
        <div
          class="right"
        >
          <div
            class="search-container"
          >
            <input
              class="input"
              id=""
              name=""
              placeholder="Search"
              type="text"
            />
            <ul
              class="result-box"
            />
          </div>
          <img
            alt=""
            src="icon.png"
          />
        </div>
      </header>
    </div>
  </body>,
  "container": <div>
    <header
      class="header text-white d-flex justify-content-between align-items-center"
    >
      <div
        class="left d-flex align-items-center"
      >
        <h1
          class="fs-1"
        >
          WeatherAPP
        </h1>
      </div>
      <div
        class="right"
      >
        <div
          class="search-container"
        >
          <input
            class="input"
            id=""
            name=""
            placeholder="Search"
            type="text"
          />
          <ul
            class="result-box"
          />
        </div>
        <img
          alt=""
          src="icon.png"
        />
      </div>
    </header>
  </div>,
  "debug": [Function],
  "findAllByAltText": [Function],
  "findAllByDisplayValue": [Function],
  "findAllByLabelText": [Function],
  "findAllByPlaceholderText": [Function],
  "findAllByRole": [Function],
  "findAllByTestId": [Function],
  "findAllByText": [Function],
  "findAllByTitle": [Function],
  "findByAltText": [Function],
  "findByDisplayValue": [Function],
  "findByLabelText": [Function],
  "findByPlaceholderText": [Function],
  "findByRole": [Function],
  "findByTestId": [Function],
  "findByText": [Function],
  "findByTitle": [Function],
  "getAllByAltText": [Function],
  "getAllByDisplayValue": [Function],
  "getAllByLabelText": [Function],
  "getAllByPlaceholderText": [Function],
  "getAllByRole": [Function],
  "getAllByTestId": [Function],
  "getAllByText": [Function],
  "getAllByTitle": [Function],
  "getByAltText": [Function],
  "getByDisplayValue": [Function],
  "getByLabelText": [Function],
  "getByPlaceholderText": [Function],
  "getByRole": [Function],
  "getByTestId": [Function],
  "getByText": [Function],
  "getByTitle": [Function],
  "queryAllByAltText": [Function],
  "queryAllByDisplayValue": [Function],
  "queryAllByLabelText": [Function],
  "queryAllByPlaceholderText": [Function],
  "queryAllByRole": [Function],
  "queryAllByTestId": [Function],
  "queryAllByText": [Function],
  "queryAllByTitle": [Function],
  "queryByAltText": [Function],
  "queryByDisplayValue": [Function],
  "queryByLabelText": [Function],
  "queryByPlaceholderText": [Function],
  "queryByRole": [Function],
  "queryByTestId": [Function],
  "queryByText": [Function],
  "queryByTitle": [Function],
  "rerender": [Function],
  "unmount": [Function],
}
`;
