// Jest Snapshot v1, https://goo.gl/fbAQLP

exports[`Tests the Header component should match the snapshot 1`] = `
Object {
  "asFragment": [Function],
  "baseElement": <body>
    <div>
      <div
        class="d-flex justify-content-between align-items-center p-4 bg-dark text-white mb-3"
      >
        <div>
          <h3>
            Kabul
          </h3>
        </div>
        <div
          class="d-flex align-items-center"
        >
          <h3>
            12
            <span>
              °
            </span>
          </h3>
          <div
            class="ms-5 text-center"
          >
            <img
              alt=""
              src=""
            />
            <p />
          </div>
        </div>
      </div>
    </div>
  </body>,
  "container": <div>
    <div
      class="d-flex justify-content-between align-items-center p-4 bg-dark text-white mb-3"
    >
      <div>
        <h3>
          Kabul
        </h3>
      </div>
      <div
        class="d-flex align-items-center"
      >
        <h3>
          12
          <span>
            °
          </span>
        </h3>
        <div
          class="ms-5 text-center"
        >
          <img
            alt=""
            src=""
          />
          <p />
        </div>
      </div>
    </div>
  </div>,
  "debug": [Function],
  "findAllByAltText": [Function],
  "findAllByDisplayValue": [Function],
  "findAllByLabelText": [Function],
  "findAllByPlaceholderText": [Function],
  "findAllByRole": [Function],
  "findAllByTestId": [Function],
  "findAllByText": [Function],
  "findAllByTitle": [Function],
  "findByAltText": [Function],
  "findByDisplayValue": [Function],
  "findByLabelText": [Function],
  "findByPlaceholderText": [Function],
  "findByRole": [Function],
  "findByTestId": [Function],
  "findByText": [Function],
  "findByTitle": [Function],
  "getAllByAltText": [Function],
  "getAllByDisplayValue": [Function],
  "getAllByLabelText": [Function],
  "getAllByPlaceholderText": [Function],
  "getAllByRole": [Function],
  "getAllByTestId": [Function],
  "getAllByText": [Function],
  "getAllByTitle": [Function],
  "getByAltText": [Function],
  "getByDisplayValue": [Function],
  "getByLabelText": [Function],
  "getByPlaceholderText": [Function],
  "getByRole": [Function],
  "getByTestId": [Function],
  "getByText": [Function],
  "getByTitle": [Function],
  "queryAllByAltText": [Function],
  "queryAllByDisplayValue": [Function],
  "queryAllByLabelText": [Function],
  "queryAllByPlaceholderText": [Function],
  "queryAllByRole": [Function],
  "queryAllByTestId": [Function],
  "queryAllByText": [Function],
  "queryAllByTitle": [Function],
  "queryByAltText": [Function],
  "queryByDisplayValue": [Function],
  "queryByLabelText": [Function],
  "queryByPlaceholderText": [Function],
  "queryByRole": [Function],
  "queryByTestId": [Function],
  "queryByText": [Function],
  "queryByTitle": [Function],
  "rerender": [Function],
  "unmount": [Function],
}
`;
